2025-06-05 10:08:22,841 - INFO - Starting BI Report Scraper service
2025-06-05 10:08:22,859 - WARNING -  * Debugger is active!
2025-06-05 10:08:22,862 - INFO -  * Debugger PIN: 107-544-805
2025-06-05 10:08:27,414 - INFO - API request received
2025-06-05 10:08:27,415 - INFO - Starting scraper execution
2025-06-05 10:08:27,416 - INFO - [STEP 0] Initializing scraper setup
2025-06-05 10:08:27,418 - INFO - Download directory: C:\xampp\htdocs\huntm\data
2025-06-05 10:08:27,419 - INFO - [STEP 1] Configuring Chrome browser
2025-06-05 10:08:27,419 - INFO - ====== WebDriver manager ======
2025-06-05 10:08:29,148 - INFO - Get LATEST chromedriver version for google-chrome
2025-06-05 10:08:29,766 - INFO - Get LATEST chromedriver version for google-chrome
2025-06-05 10:08:30,068 - INFO - Driver [C:\Users\arasu\.wdm\drivers\chromedriver\win64\137.0.7151.68\chromedriver-win32/chromedriver.exe] found in cache
2025-06-05 10:08:31,855 - INFO - Chrome browser launched successfully
2025-06-05 10:08:31,866 - INFO - [STEP 2] Navigating to dashboard URL
2025-06-05 10:08:32,487 - INFO - Dashboard URL loaded
2025-06-05 10:08:32,494 - INFO - [STEP 3] Attempting login
2025-06-05 10:08:58,319 - INFO - Login credentials submitted
2025-06-05 10:08:58,320 - INFO - [STEP 4] Waiting for dashboard to load
2025-06-05 10:08:58,955 - ERROR - [ERROR in STEP 4] Failed to load dashboard or set zoom - Exception: Message: no such window: target window already closed
from unknown error: web view not found
  (Session info: chrome=137.0.7151.69)
Stacktrace:
	GetHandleVerifier [0x0x803763+63299]
	GetHandleVerifier [0x0x8037a4+63364]
	(No symbol) [0x0x631113]
	(No symbol) [0x0x60ff69]
	(No symbol) [0x0x6a4fce]
	(No symbol) [0x0x6bf359]
	(No symbol) [0x0x69e376]
	(No symbol) [0x0x66d6e0]
	(No symbol) [0x0x66e544]
	GetHandleVerifier [0x0xa5e033+2531347]
	GetHandleVerifier [0x0xa59332+2511634]
	GetHandleVerifier [0x0x829eda+220858]
	GetHandleVerifier [0x0x81a528+156936]
	GetHandleVerifier [0x0x820c5d+183357]
	GetHandleVerifier [0x0x80b6c8+95912]
	GetHandleVerifier [0x0x80b870+96336]
	GetHandleVerifier [0x0x7f664a+9770]
	BaseThreadInitThunk [0x0x758e5d49+25]
	RtlInitializeExceptionChain [0x0x778bd09b+107]
	RtlGetAppContainerNamedObjectPath [0x0x778bd021+561]

2025-06-05 10:08:58,967 - CRITICAL - Critical error in scraper: Message: no such window: target window already closed
from unknown error: web view not found
  (Session info: chrome=137.0.7151.69)
Stacktrace:
	GetHandleVerifier [0x0x803763+63299]
	GetHandleVerifier [0x0x8037a4+63364]
	(No symbol) [0x0x631113]
	(No symbol) [0x0x60ff69]
	(No symbol) [0x0x6a4fce]
	(No symbol) [0x0x6bf359]
	(No symbol) [0x0x69e376]
	(No symbol) [0x0x66d6e0]
	(No symbol) [0x0x66e544]
	GetHandleVerifier [0x0xa5e033+2531347]
	GetHandleVerifier [0x0xa59332+2511634]
	GetHandleVerifier [0x0x829eda+220858]
	GetHandleVerifier [0x0x81a528+156936]
	GetHandleVerifier [0x0x820c5d+183357]
	GetHandleVerifier [0x0x80b6c8+95912]
	GetHandleVerifier [0x0x80b870+96336]
	GetHandleVerifier [0x0x7f664a+9770]
	BaseThreadInitThunk [0x0x758e5d49+25]
	RtlInitializeExceptionChain [0x0x778bd09b+107]
	RtlGetAppContainerNamedObjectPath [0x0x778bd021+561]

2025-06-05 10:08:58,976 - INFO - [STEP 11] Starting cleanup process
2025-06-05 10:08:58,977 - INFO - Attempting to sign out
2025-06-05 10:08:59,012 - WARNING - Could not sign out: Message: no such window: target window already closed
from unknown error: web view not found
  (Session info: chrome=137.0.7151.69)
Stacktrace:
	GetHandleVerifier [0x0x803763+63299]
	GetHandleVerifier [0x0x8037a4+63364]
	(No symbol) [0x0x631113]
	(No symbol) [0x0x60ff69]
	(No symbol) [0x0x6a4fce]
	(No symbol) [0x0x6bf359]
	(No symbol) [0x0x69e376]
	(No symbol) [0x0x66d6e0]
	(No symbol) [0x0x66e544]
	GetHandleVerifier [0x0xa5e033+2531347]
	GetHandleVerifier [0x0xa59332+2511634]
	GetHandleVerifier [0x0x829eda+220858]
	GetHandleVerifier [0x0x81a528+156936]
	GetHandleVerifier [0x0x820c5d+183357]
	GetHandleVerifier [0x0x80b6c8+95912]
	GetHandleVerifier [0x0x80b870+96336]
	GetHandleVerifier [0x0x7f664a+9770]
	BaseThreadInitThunk [0x0x758e5d49+25]
	RtlInitializeExceptionChain [0x0x778bd09b+107]
	RtlGetAppContainerNamedObjectPath [0x0x778bd021+561]

2025-06-05 10:09:01,341 - INFO - Browser closed successfully
2025-06-05 10:09:01,343 - INFO - Scraper completed with status: error
2025-06-05 10:09:01,350 - INFO - 127.0.0.1 - - [05/Jun/2025 10:09:01] "POST /bi_report_scraper HTTP/1.1" 200 -
2025-06-05 10:09:24,422 - INFO - API request received
2025-06-05 10:09:24,424 - INFO - Starting scraper execution
2025-06-05 10:09:24,424 - INFO - [STEP 0] Initializing scraper setup
2025-06-05 10:09:24,425 - INFO - Download directory: C:\xampp\htdocs\huntm\data
2025-06-05 10:09:24,426 - INFO - [STEP 1] Configuring Chrome browser
2025-06-05 10:09:24,426 - INFO - ====== WebDriver manager ======
2025-06-05 10:09:26,303 - INFO - Get LATEST chromedriver version for google-chrome
2025-06-05 10:09:26,576 - INFO - Get LATEST chromedriver version for google-chrome
2025-06-05 10:09:26,817 - INFO - Driver [C:\Users\arasu\.wdm\drivers\chromedriver\win64\137.0.7151.68\chromedriver-win32/chromedriver.exe] found in cache
2025-06-05 10:09:29,047 - INFO - Chrome browser launched successfully
2025-06-05 10:09:29,048 - INFO - [STEP 2] Navigating to dashboard URL
2025-06-05 10:09:31,873 - INFO - Dashboard URL loaded
2025-06-05 10:09:31,875 - INFO - [STEP 3] Attempting login
2025-06-05 10:09:32,438 - INFO - Login credentials submitted
2025-06-05 10:09:32,438 - INFO - [STEP 4] Waiting for dashboard to load
2025-06-05 10:09:35,447 - INFO - Dashboard loaded and zoom set to 40%
2025-06-05 10:09:35,447 - INFO - [STEP 5] Clicking 'Customer Register' tab
2025-06-05 10:09:37,096 - ERROR - [ERROR in STEP 5] Failed to click Customer Register tab - Exception: 'NoneType' object has no attribute 'is_displayed'
2025-06-05 10:09:37,104 - CRITICAL - Critical error in scraper: 'NoneType' object has no attribute 'is_displayed'
2025-06-05 10:09:37,109 - INFO - [STEP 11] Starting cleanup process
2025-06-05 10:09:37,114 - INFO - Attempting to sign out
2025-06-05 10:09:37,122 - WARNING - Could not sign out: Message: no such window: target window already closed
from unknown error: web view not found
  (Session info: chrome=137.0.7151.69)
Stacktrace:
	GetHandleVerifier [0x0x803763+63299]
	GetHandleVerifier [0x0x8037a4+63364]
	(No symbol) [0x0x631113]
	(No symbol) [0x0x60ff69]
	(No symbol) [0x0x6a4fce]
	(No symbol) [0x0x6bf359]
	(No symbol) [0x0x69e376]
	(No symbol) [0x0x66d6e0]
	(No symbol) [0x0x66e544]
	GetHandleVerifier [0x0xa5e033+2531347]
	GetHandleVerifier [0x0xa59332+2511634]
	GetHandleVerifier [0x0x829eda+220858]
	GetHandleVerifier [0x0x81a528+156936]
	GetHandleVerifier [0x0x820c5d+183357]
	GetHandleVerifier [0x0x80b6c8+95912]
	GetHandleVerifier [0x0x80b870+96336]
	GetHandleVerifier [0x0x7f664a+9770]
	BaseThreadInitThunk [0x0x758e5d49+25]
	RtlInitializeExceptionChain [0x0x778bd09b+107]
	RtlGetAppContainerNamedObjectPath [0x0x778bd021+561]

2025-06-05 10:09:39,411 - INFO - Browser closed successfully
2025-06-05 10:09:39,412 - INFO - Scraper completed with status: error
2025-06-05 10:09:39,413 - INFO - 127.0.0.1 - - [05/Jun/2025 10:09:39] "POST /bi_report_scraper HTTP/1.1" 200 -
2025-06-05 10:12:01,660 - INFO - API request received
2025-06-05 10:12:01,661 - INFO - Starting scraper execution
2025-06-05 10:12:01,661 - INFO - [STEP 0] Initializing scraper setup
2025-06-05 10:12:01,662 - INFO - Download directory: C:\xampp\htdocs\huntm\data
2025-06-05 10:12:01,663 - INFO - [STEP 1] Configuring Chrome browser
2025-06-05 10:12:01,663 - INFO - ====== WebDriver manager ======
2025-06-05 10:12:03,444 - INFO - Get LATEST chromedriver version for google-chrome
2025-06-05 10:12:04,505 - INFO - Get LATEST chromedriver version for google-chrome
2025-06-05 10:12:05,604 - INFO - Driver [C:\Users\arasu\.wdm\drivers\chromedriver\win64\137.0.7151.68\chromedriver-win32/chromedriver.exe] found in cache
2025-06-05 10:12:07,189 - INFO - Chrome browser launched successfully
2025-06-05 10:12:07,189 - INFO - [STEP 2] Navigating to dashboard URL
2025-06-05 10:12:10,689 - INFO - Dashboard URL loaded
2025-06-05 10:12:10,690 - INFO - [STEP 3] Attempting login
2025-06-05 10:12:11,203 - INFO - Login credentials submitted
2025-06-05 10:12:11,204 - INFO - [STEP 4] Waiting for dashboard to load
2025-06-05 10:12:13,670 - INFO - Dashboard loaded and zoom set to 40%
2025-06-05 10:12:13,671 - INFO - [STEP 5] Clicking 'Customer Register' tab
2025-06-05 10:12:14,929 - ERROR - [ERROR in STEP 5] Failed to click Customer Register tab - Exception: 'NoneType' object has no attribute 'is_displayed'
2025-06-05 10:12:14,930 - CRITICAL - Critical error in scraper: 'NoneType' object has no attribute 'is_displayed'
2025-06-05 10:12:14,932 - INFO - [STEP 11] Starting cleanup process
2025-06-05 10:12:14,932 - INFO - Attempting to sign out
2025-06-05 10:12:14,938 - WARNING - Could not sign out: Message: no such window: target window already closed
from unknown error: web view not found
  (Session info: chrome=137.0.7151.69)
Stacktrace:
	GetHandleVerifier [0x0x803763+63299]
	GetHandleVerifier [0x0x8037a4+63364]
	(No symbol) [0x0x631113]
	(No symbol) [0x0x60ff69]
	(No symbol) [0x0x6a4fce]
	(No symbol) [0x0x6bf359]
	(No symbol) [0x0x69e376]
	(No symbol) [0x0x66d6e0]
	(No symbol) [0x0x66e544]
	GetHandleVerifier [0x0xa5e033+2531347]
	GetHandleVerifier [0x0xa59332+2511634]
	GetHandleVerifier [0x0x829eda+220858]
	GetHandleVerifier [0x0x81a528+156936]
	GetHandleVerifier [0x0x820c5d+183357]
	GetHandleVerifier [0x0x80b6c8+95912]
	GetHandleVerifier [0x0x80b870+96336]
	GetHandleVerifier [0x0x7f664a+9770]
	BaseThreadInitThunk [0x0x758e5d49+25]
	RtlInitializeExceptionChain [0x0x778bd09b+107]
	RtlGetAppContainerNamedObjectPath [0x0x778bd021+561]

2025-06-05 10:12:17,207 - INFO - Browser closed successfully
2025-06-05 10:12:17,211 - INFO - Scraper completed with status: error
2025-06-05 10:12:17,212 - INFO - 127.0.0.1 - - [05/Jun/2025 10:12:17] "POST /bi_report_scraper HTTP/1.1" 200 -
2025-06-05 10:13:25,627 - INFO - API request received
2025-06-05 10:13:25,627 - INFO - Starting scraper execution
2025-06-05 10:13:25,627 - INFO - [STEP 0] Initializing scraper setup
2025-06-05 10:13:25,628 - INFO - Download directory: C:\xampp\htdocs\huntm\data
2025-06-05 10:13:25,628 - INFO - [STEP 1] Configuring Chrome browser
2025-06-05 10:13:25,628 - INFO - ====== WebDriver manager ======
2025-06-05 10:13:27,361 - INFO - Get LATEST chromedriver version for google-chrome
2025-06-05 10:13:27,572 - INFO - Get LATEST chromedriver version for google-chrome
2025-06-05 10:13:27,790 - INFO - Driver [C:\Users\arasu\.wdm\drivers\chromedriver\win64\137.0.7151.68\chromedriver-win32/chromedriver.exe] found in cache
2025-06-05 10:13:29,406 - INFO - Chrome browser launched successfully
2025-06-05 10:13:29,407 - INFO - [STEP 2] Navigating to dashboard URL
2025-06-05 10:13:32,776 - INFO - Dashboard URL loaded
2025-06-05 10:13:32,777 - INFO - [STEP 3] Attempting login
2025-06-05 10:13:33,249 - INFO - Login credentials submitted
2025-06-05 10:13:33,250 - INFO - [STEP 4] Waiting for dashboard to load
2025-06-05 10:13:35,757 - ERROR - [ERROR in STEP 4] Failed to load dashboard or set zoom - Exception: Message: invalid session id: session deleted as the browser has closed the connection
from disconnected: not connected to DevTools
  (Session info: chrome=137.0.7151.69)
Stacktrace:
	GetHandleVerifier [0x0x803763+63299]
	GetHandleVerifier [0x0x8037a4+63364]
	(No symbol) [0x0x631113]
	(No symbol) [0x0x6208a0]
	(No symbol) [0x0x63e8c2]
	(No symbol) [0x0x6a519c]
	(No symbol) [0x0x6bf359]
	(No symbol) [0x0x69e376]
	(No symbol) [0x0x66d6e0]
	(No symbol) [0x0x66e544]
	GetHandleVerifier [0x0xa5e033+2531347]
	GetHandleVerifier [0x0xa59332+2511634]
	GetHandleVerifier [0x0x829eda+220858]
	GetHandleVerifier [0x0x81a528+156936]
	GetHandleVerifier [0x0x820c5d+183357]
	GetHandleVerifier [0x0x80b6c8+95912]
	GetHandleVerifier [0x0x80b870+96336]
	GetHandleVerifier [0x0x7f664a+9770]
	BaseThreadInitThunk [0x0x758e5d49+25]
	RtlInitializeExceptionChain [0x0x778bd09b+107]
	RtlGetAppContainerNamedObjectPath [0x0x778bd021+561]

2025-06-05 10:13:35,758 - CRITICAL - Critical error in scraper: Message: invalid session id: session deleted as the browser has closed the connection
from disconnected: not connected to DevTools
  (Session info: chrome=137.0.7151.69)
Stacktrace:
	GetHandleVerifier [0x0x803763+63299]
	GetHandleVerifier [0x0x8037a4+63364]
	(No symbol) [0x0x631113]
	(No symbol) [0x0x6208a0]
	(No symbol) [0x0x63e8c2]
	(No symbol) [0x0x6a519c]
	(No symbol) [0x0x6bf359]
	(No symbol) [0x0x69e376]
	(No symbol) [0x0x66d6e0]
	(No symbol) [0x0x66e544]
	GetHandleVerifier [0x0xa5e033+2531347]
	GetHandleVerifier [0x0xa59332+2511634]
	GetHandleVerifier [0x0x829eda+220858]
	GetHandleVerifier [0x0x81a528+156936]
	GetHandleVerifier [0x0x820c5d+183357]
	GetHandleVerifier [0x0x80b6c8+95912]
	GetHandleVerifier [0x0x80b870+96336]
	GetHandleVerifier [0x0x7f664a+9770]
	BaseThreadInitThunk [0x0x758e5d49+25]
	RtlInitializeExceptionChain [0x0x778bd09b+107]
	RtlGetAppContainerNamedObjectPath [0x0x778bd021+561]

2025-06-05 10:13:35,767 - INFO - [STEP 11] Starting cleanup process
2025-06-05 10:13:35,767 - INFO - Attempting to sign out
2025-06-05 10:13:35,878 - WARNING - Could not sign out: Message: invalid session id
Stacktrace:
	GetHandleVerifier [0x0x803763+63299]
	GetHandleVerifier [0x0x8037a4+63364]
	(No symbol) [0x0x630f70]
	(No symbol) [0x0x66c9a8]
	(No symbol) [0x0x69e436]
	(No symbol) [0x0x699f05]
	(No symbol) [0x0x699486]
	(No symbol) [0x0x603a05]
	(No symbol) [0x0x603f5e]
	(No symbol) [0x0x6043ed]
	GetHandleVerifier [0x0xa5e033+2531347]
	GetHandleVerifier [0x0xa59332+2511634]
	GetHandleVerifier [0x0x829eda+220858]
	GetHandleVerifier [0x0x81a528+156936]
	GetHandleVerifier [0x0x820c5d+183357]
	(No symbol) [0x0x6036d0]
	(No symbol) [0x0x602edd]
	GetHandleVerifier [0x0xb97edc+3817148]
	BaseThreadInitThunk [0x0x758e5d49+25]
	RtlInitializeExceptionChain [0x0x778bd09b+107]
	RtlGetAppContainerNamedObjectPath [0x0x778bd021+561]

2025-06-05 10:13:37,900 - INFO - Browser closed successfully
2025-06-05 10:13:37,900 - INFO - Scraper completed with status: error
2025-06-05 10:13:37,901 - INFO - 127.0.0.1 - - [05/Jun/2025 10:13:37] "POST /bi_report_scraper HTTP/1.1" 200 -
2025-06-05 10:19:11,629 - INFO - API request received
2025-06-05 10:19:11,630 - INFO - Starting scraper execution
2025-06-05 10:19:11,630 - INFO - [STEP 0] Initializing scraper setup
2025-06-05 10:19:11,632 - INFO - Download directory: C:\xampp\htdocs\huntm\data
2025-06-05 10:19:11,633 - INFO - [STEP 1] Configuring Chrome browser
2025-06-05 10:19:11,634 - INFO - ====== WebDriver manager ======
2025-06-05 10:19:13,427 - INFO - Get LATEST chromedriver version for google-chrome
2025-06-05 10:19:14,756 - INFO - Get LATEST chromedriver version for google-chrome
2025-06-05 10:19:14,958 - INFO - Driver [C:\Users\arasu\.wdm\drivers\chromedriver\win64\137.0.7151.68\chromedriver-win32/chromedriver.exe] found in cache
2025-06-05 10:19:16,564 - INFO - Chrome browser launched successfully
2025-06-05 10:19:16,565 - INFO - [STEP 2] Navigating to dashboard URL
2025-06-05 10:19:23,151 - INFO - Dashboard URL loaded
2025-06-05 10:19:23,154 - INFO - [STEP 3] Attempting login
2025-06-05 10:20:20,709 - INFO - Login credentials submitted
2025-06-05 10:20:20,710 - INFO - [STEP 4] Waiting for dashboard to load
2025-06-05 10:20:22,758 - INFO - Dashboard loaded and zoom set to 40%
2025-06-05 10:20:22,758 - INFO - [STEP 5] Clicking 'Customer Register' tab
2025-06-05 10:20:25,550 - INFO - Customer Register tab clicked
2025-06-05 10:20:25,550 - INFO - [STEP 6] Clicking 'Customer Register Report'
2025-06-05 10:20:26,782 - INFO - Customer Register Report clicked
2025-06-05 10:20:26,783 - INFO - [STEP 7] Clicking export icon
2025-06-05 10:20:47,279 - ERROR - [ERROR in STEP 7] Failed to click export icon - Exception: Message: 
Stacktrace:
	GetHandleVerifier [0x0x803763+63299]
	GetHandleVerifier [0x0x8037a4+63364]
	(No symbol) [0x0x631113]
	(No symbol) [0x0x67987e]
	(No symbol) [0x0x679c1b]
	(No symbol) [0x0x6c2212]
	(No symbol) [0x0x69e5c4]
	(No symbol) [0x0x6bfa4a]
	(No symbol) [0x0x69e376]
	(No symbol) [0x0x66d6e0]
	(No symbol) [0x0x66e544]
	GetHandleVerifier [0x0xa5e033+2531347]
	GetHandleVerifier [0x0xa59332+2511634]
	GetHandleVerifier [0x0x829eda+220858]
	GetHandleVerifier [0x0x81a528+156936]
	GetHandleVerifier [0x0x820c5d+183357]
	GetHandleVerifier [0x0x80b6c8+95912]
	GetHandleVerifier [0x0x80b870+96336]
	GetHandleVerifier [0x0x7f664a+9770]
	BaseThreadInitThunk [0x0x758e5d49+25]
	RtlInitializeExceptionChain [0x0x778bd09b+107]
	RtlGetAppContainerNamedObjectPath [0x0x778bd021+561]

2025-06-05 10:20:47,281 - CRITICAL - Critical error in scraper: Message: 
Stacktrace:
	GetHandleVerifier [0x0x803763+63299]
	GetHandleVerifier [0x0x8037a4+63364]
	(No symbol) [0x0x631113]
	(No symbol) [0x0x67987e]
	(No symbol) [0x0x679c1b]
	(No symbol) [0x0x6c2212]
	(No symbol) [0x0x69e5c4]
	(No symbol) [0x0x6bfa4a]
	(No symbol) [0x0x69e376]
	(No symbol) [0x0x66d6e0]
	(No symbol) [0x0x66e544]
	GetHandleVerifier [0x0xa5e033+2531347]
	GetHandleVerifier [0x0xa59332+2511634]
	GetHandleVerifier [0x0x829eda+220858]
	GetHandleVerifier [0x0x81a528+156936]
	GetHandleVerifier [0x0x820c5d+183357]
	GetHandleVerifier [0x0x80b6c8+95912]
	GetHandleVerifier [0x0x80b870+96336]
	GetHandleVerifier [0x0x7f664a+9770]
	BaseThreadInitThunk [0x0x758e5d49+25]
	RtlInitializeExceptionChain [0x0x778bd09b+107]
	RtlGetAppContainerNamedObjectPath [0x0x778bd021+561]

2025-06-05 10:20:47,283 - INFO - [STEP 11] Starting cleanup process
2025-06-05 10:20:47,284 - INFO - Attempting to sign out
2025-06-05 10:20:47,314 - WARNING - Could not sign out: Message: no such element: Unable to locate element: {"method":"xpath","selector":"//a[contains(text(), 'Sign Out')]"}
  (Session info: chrome=137.0.7151.69); For documentation on this error, please visit: https://www.selenium.dev/documentation/webdriver/troubleshooting/errors#no-such-element-exception
Stacktrace:
	GetHandleVerifier [0x0x803763+63299]
	GetHandleVerifier [0x0x8037a4+63364]
	(No symbol) [0x0x631113]
	(No symbol) [0x0x67987e]
	(No symbol) [0x0x679c1b]
	(No symbol) [0x0x6c2212]
	(No symbol) [0x0x69e5c4]
	(No symbol) [0x0x6bfa4a]
	(No symbol) [0x0x69e376]
	(No symbol) [0x0x66d6e0]
	(No symbol) [0x0x66e544]
	GetHandleVerifier [0x0xa5e033+2531347]
	GetHandleVerifier [0x0xa59332+2511634]
	GetHandleVerifier [0x0x829eda+220858]
	GetHandleVerifier [0x0x81a528+156936]
	GetHandleVerifier [0x0x820c5d+183357]
	GetHandleVerifier [0x0x80b6c8+95912]
	GetHandleVerifier [0x0x80b870+96336]
	GetHandleVerifier [0x0x7f664a+9770]
	BaseThreadInitThunk [0x0x758e5d49+25]
	RtlInitializeExceptionChain [0x0x778bd09b+107]
	RtlGetAppContainerNamedObjectPath [0x0x778bd021+561]

2025-06-05 10:20:49,724 - INFO - Browser closed successfully
2025-06-05 10:20:49,724 - INFO - Scraper completed with status: error
2025-06-05 10:20:49,725 - INFO - 127.0.0.1 - - [05/Jun/2025 10:20:49] "POST /bi_report_scraper HTTP/1.1" 200 -
2025-06-05 10:23:12,127 - INFO -  * Detected change in 'c:\\xampp\\htdocs\\huntm\\application\\scripts\\bi_report_scraper.py', reloading
